0 verbose cli /usr/local/bin/node /usr/local/lib/node_modules/npm/bin/npm-cli.js
1 info using npm@11.6.2
2 info using node@v24.12.0
3 silly config load:file:/usr/local/lib/node_modules/npm/npmrc
4 silly config load:file:/Users/chiragyogeshpednekar/Documents/0987654321/.npmrc
5 silly config load:file:/usr/local/etc/npmrc
6 verbose title npm exec create-next-app@latest next-app --typescript --eslint --no-tailwind --src-dir --app --import-alias @/* --use-npm
7 verbose argv "exec" "--yes" "--" "create-next-app@latest" "next-app" "--typescript" "--eslint" "--no-tailwind" "--src-dir" "--app" "--import-alias" "@/*" "--use-npm"
8 verbose logfile logs-max:10 dir:/Users/chiragyogeshpednekar/Documents/0987654321/.npm/_logs/2026-08-17T17_29_32_484Z-
9 verbose logfile /Users/chiragyogeshpednekar/Documents/0987654321/.npm/_logs/2026-08-17T17_29_32_484Z-debug-0.log
10 silly logfile done cleaning log files
11 silly packumentCache heap:4496293888 maxSize:1124073472 maxEntrySize:562036736
12 http fetch GET 200 https://registry.npmjs.org/npm 31740ms
13 http fetch GET 200 https://registry.npmjs.org/create-next-app 54993ms (cache miss)
14 silly packumentCache heap:4496293888 maxSize:1124073472 maxEntrySize:562036736
15 silly packumentCache heap:4496293888 maxSize:1124073472 maxEntrySize:562036736
16 silly idealTree buildDeps
17 silly fetch manifest create-next-app@16.3.1
18 silly packumentCache full:https://registry.npmjs.org/create-next-app cache-miss
19 http fetch GET 200 https://registry.npmjs.org/create-next-app 26137ms (cache miss)
20 silly packumentCache full:https://registry.npmjs.org/create-next-app set size:undefined disposed:false
21 silly placeDep ROOT create-next-app@16.3.1 OK for:  want: 16.3.1
22 silly reify moves {}
23 silly audit bulk request { 'create-next-app': [ '16.3.1' ] }
24 http cache create-next-app@https://registry.npmjs.org/create-next-app/-/create-next-app-16.3.1.tgz 0ms (cache hit)
25 silly tarball no local data for create-next-app@https://registry.npmjs.org/create-next-app/-/create-next-app-16.3.1.tgz. Extracting by manifest.
26 http fetch POST 200 https://registry.npmjs.org/-/npm/v1/security/advisories/bulk 276ms
27 silly audit report {}
28 http fetch GET 200 https://registry.npmjs.org/create-next-app/-/create-next-app-16.3.1.tgz 310ms (cache miss)
29 verbose cwd /Users/chiragyogeshpednekar/Documents/0987654321
30 verbose os Darwin 25.5.0
31 verbose node v24.12.0
32 verbose npm  v11.6.2
33 notice
33 notice New minor version of npm available! 11.6.2 -> 11.19.0
33 notice Changelog: https://github.com/npm/cli/releases/tag/v11.19.0
33 notice To update run: npm install -g npm@11.19.0
33 notice  { force: true, Symbol(proc-log.meta): true }
34 verbose exit 0
35 info ok
